<?xml version="1.0" encoding="ISO-8859-1" ?>
<link_info>
   <banner>TI ARM Linker PC v18.12.4.LTS</banner>
   <copyright>Copyright (c) 1996-2018 Texas Instruments Incorporated</copyright>
   <link_time>0x606ef901</link_time>
   <link_errors>0x0</link_errors>
   <output_file>eeprom.out</output_file>
   <entry_point>
      <name>_c_int00</name>
      <address>0xd988</address>
   </entry_point>
   <input_file_list>
      <input_file id="fl-2">
         <path>.\source\</path>
         <kind>object</kind>
         <file>Device_TMS570LS07.obj</file>
         <name>Device_TMS570LS07.obj</name>
      </input_file>
      <input_file id="fl-3">
         <path>.\source\</path>
         <kind>object</kind>
         <file>Fapi_UserDefinedFunctions.obj</file>
         <name>Fapi_UserDefinedFunctions.obj</name>
      </input_file>
      <input_file id="fl-4">
         <path>.\source\</path>
         <kind>object</kind>
         <file>dabort.obj</file>
         <name>dabort.obj</name>
      </input_file>
      <input_file id="fl-5">
         <path>.\source\</path>
         <kind>object</kind>
         <file>errata_SSWF021_45.obj</file>
         <name>errata_SSWF021_45.obj</name>
      </input_file>
      <input_file id="fl-6">
         <path>.\source\</path>
         <kind>object</kind>
         <file>esm.obj</file>
         <name>esm.obj</name>
      </input_file>
      <input_file id="fl-7">
         <path>.\source\</path>
         <kind>object</kind>
         <file>gio.obj</file>
         <name>gio.obj</name>
      </input_file>
      <input_file id="fl-8">
         <path>.\source\</path>
         <kind>object</kind>
         <file>notification.obj</file>
         <name>notification.obj</name>
      </input_file>
      <input_file id="fl-9">
         <path>.\source\</path>
         <kind>object</kind>
         <file>pinmux.obj</file>
         <name>pinmux.obj</name>
      </input_file>
      <input_file id="fl-a">
         <path>.\source\</path>
         <kind>object</kind>
         <file>sys_core.obj</file>
         <name>sys_core.obj</name>
      </input_file>
      <input_file id="fl-b">
         <path>.\source\</path>
         <kind>object</kind>
         <file>sys_dma.obj</file>
         <name>sys_dma.obj</name>
      </input_file>
      <input_file id="fl-c">
         <path>.\source\</path>
         <kind>object</kind>
         <file>sys_intvecs.obj</file>
         <name>sys_intvecs.obj</name>
      </input_file>
      <input_file id="fl-d">
         <path>.\source\</path>
         <kind>object</kind>
         <file>sys_main.obj</file>
         <name>sys_main.obj</name>
      </input_file>
      <input_file id="fl-e">
         <path>.\source\</path>
         <kind>object</kind>
         <file>sys_mpu.obj</file>
         <name>sys_mpu.obj</name>
      </input_file>
      <input_file id="fl-f">
         <path>.\source\</path>
         <kind>object</kind>
         <file>sys_pcr.obj</file>
         <name>sys_pcr.obj</name>
      </input_file>
      <input_file id="fl-10">
         <path>.\source\</path>
         <kind>object</kind>
         <file>sys_phantom.obj</file>
         <name>sys_phantom.obj</name>
      </input_file>
      <input_file id="fl-11">
         <path>.\source\</path>
         <kind>object</kind>
         <file>sys_pmm.obj</file>
         <name>sys_pmm.obj</name>
      </input_file>
      <input_file id="fl-12">
         <path>.\source\</path>
         <kind>object</kind>
         <file>sys_pmu.obj</file>
         <name>sys_pmu.obj</name>
      </input_file>
      <input_file id="fl-13">
         <path>.\source\</path>
         <kind>object</kind>
         <file>sys_selftest.obj</file>
         <name>sys_selftest.obj</name>
      </input_file>
      <input_file id="fl-14">
         <path>.\source\</path>
         <kind>object</kind>
         <file>sys_startup.obj</file>
         <name>sys_startup.obj</name>
      </input_file>
      <input_file id="fl-15">
         <path>.\source\</path>
         <kind>object</kind>
         <file>sys_vim.obj</file>
         <name>sys_vim.obj</name>
      </input_file>
      <input_file id="fl-16">
         <path>.\source\</path>
         <kind>object</kind>
         <file>system.obj</file>
         <name>system.obj</name>
      </input_file>
      <input_file id="fl-17">
         <path>.\source\</path>
         <kind>object</kind>
         <file>ti_fee_Info.obj</file>
         <name>ti_fee_Info.obj</name>
      </input_file>
      <input_file id="fl-18">
         <path>.\source\</path>
         <kind>object</kind>
         <file>ti_fee_cancel.obj</file>
         <name>ti_fee_cancel.obj</name>
      </input_file>
      <input_file id="fl-19">
         <path>.\source\</path>
         <kind>object</kind>
         <file>ti_fee_cfg.obj</file>
         <name>ti_fee_cfg.obj</name>
      </input_file>
      <input_file id="fl-1a">
         <path>.\source\</path>
         <kind>object</kind>
         <file>ti_fee_eraseimmediateblock.obj</file>
         <name>ti_fee_eraseimmediateblock.obj</name>
      </input_file>
      <input_file id="fl-1b">
         <path>.\source\</path>
         <kind>object</kind>
         <file>ti_fee_format.obj</file>
         <name>ti_fee_format.obj</name>
      </input_file>
      <input_file id="fl-1c">
         <path>.\source\</path>
         <kind>object</kind>
         <file>ti_fee_ini.obj</file>
         <name>ti_fee_ini.obj</name>
      </input_file>
      <input_file id="fl-1d">
         <path>.\source\</path>
         <kind>object</kind>
         <file>ti_fee_invalidateblock.obj</file>
         <name>ti_fee_invalidateblock.obj</name>
      </input_file>
      <input_file id="fl-1e">
         <path>.\source\</path>
         <kind>object</kind>
         <file>ti_fee_main.obj</file>
         <name>ti_fee_main.obj</name>
      </input_file>
      <input_file id="fl-1f">
         <path>.\source\</path>
         <kind>object</kind>
         <file>ti_fee_read.obj</file>
         <name>ti_fee_read.obj</name>
      </input_file>
      <input_file id="fl-20">
         <path>.\source\</path>
         <kind>object</kind>
         <file>ti_fee_readSync.obj</file>
         <name>ti_fee_readSync.obj</name>
      </input_file>
      <input_file id="fl-21">
         <path>.\source\</path>
         <kind>object</kind>
         <file>ti_fee_shutdown.obj</file>
         <name>ti_fee_shutdown.obj</name>
      </input_file>
      <input_file id="fl-22">
         <path>.\source\</path>
         <kind>object</kind>
         <file>ti_fee_util.obj</file>
         <name>ti_fee_util.obj</name>
      </input_file>
      <input_file id="fl-23">
         <path>.\source\</path>
         <kind>object</kind>
         <file>ti_fee_writeAsync.obj</file>
         <name>ti_fee_writeAsync.obj</name>
      </input_file>
      <input_file id="fl-24">
         <path>.\source\</path>
         <kind>object</kind>
         <file>ti_fee_writeSync.obj</file>
         <name>ti_fee_writeSync.obj</name>
      </input_file>
      <input_file id="fl-29">
         <kind>object</kind>
         <file>&lt;internal&gt;</file>
         <name>&lt;internal&gt;</name>
      </input_file>
      <input_file id="fl-2a">
         <path>C:\ti\ccs930\ccs\tools\compiler\ti-cgt-arm_18.12.4.LTS\lib\</path>
         <kind>archive</kind>
         <file>rtsv7R4_T_be_v3D16_eabi.lib</file>
         <name>autoinit.c.obj</name>
      </input_file>
      <input_file id="fl-2b">
         <path>C:\ti\ccs930\ccs\tools\compiler\ti-cgt-arm_18.12.4.LTS\lib\</path>
         <kind>archive</kind>
         <file>rtsv7R4_T_be_v3D16_eabi.lib</file>
         <name>cpy_tbl.c.obj</name>
      </input_file>
      <input_file id="fl-2c">
         <path>C:\ti\ccs930\ccs\tools\compiler\ti-cgt-arm_18.12.4.LTS\lib\</path>
         <kind>archive</kind>
         <file>rtsv7R4_T_be_v3D16_eabi.lib</file>
         <name>copy_zero_init.c.obj</name>
      </input_file>
      <input_file id="fl-2d">
         <path>C:\ti\ccs930\ccs\tools\compiler\ti-cgt-arm_18.12.4.LTS\lib\</path>
         <kind>archive</kind>
         <file>rtsv7R4_T_be_v3D16_eabi.lib</file>
         <name>copy_decompress_none.c.obj</name>
      </input_file>
      <input_file id="fl-2e">
         <path>C:\ti\ccs930\ccs\tools\compiler\ti-cgt-arm_18.12.4.LTS\lib\</path>
         <kind>archive</kind>
         <file>rtsv7R4_T_be_v3D16_eabi.lib</file>
         <name>copy_decompress_lzss.c.obj</name>
      </input_file>
      <input_file id="fl-2f">
         <path>C:\ti\ccs930\ccs\tools\compiler\ti-cgt-arm_18.12.4.LTS\lib\</path>
         <kind>archive</kind>
         <file>rtsv7R4_T_be_v3D16_eabi.lib</file>
         <name>exit.c.obj</name>
      </input_file>
      <input_file id="fl-30">
         <path>C:\ti\ccs930\ccs\tools\compiler\ti-cgt-arm_18.12.4.LTS\lib\</path>
         <kind>archive</kind>
         <file>rtsv7R4_T_be_v3D16_eabi.lib</file>
         <name>_lock.c.obj</name>
      </input_file>
      <input_file id="fl-31">
         <path>C:\ti\ccs930\ccs\tools\compiler\ti-cgt-arm_18.12.4.LTS\lib\</path>
         <kind>archive</kind>
         <file>rtsv7R4_T_be_v3D16_eabi.lib</file>
         <name>memcpy_t2.asm.obj</name>
      </input_file>
      <input_file id="fl-32">
         <path>C:\ti\ccs930\ccs\tools\compiler\ti-cgt-arm_18.12.4.LTS\lib\</path>
         <kind>archive</kind>
         <file>rtsv7R4_T_be_v3D16_eabi.lib</file>
         <name>memset_t2.asm.obj</name>
      </input_file>
      <input_file id="fl-33">
         <path>C:\ti\Hercules\F021 Flash API\02.01.01\</path>
         <kind>archive</kind>
         <file>F021_API_CortexR4_BE_V3D16.lib</file>
         <name>Async.obj</name>
      </input_file>
      <input_file id="fl-34">
         <path>C:\ti\Hercules\F021 Flash API\02.01.01\</path>
         <kind>archive</kind>
         <file>F021_API_CortexR4_BE_V3D16.lib</file>
         <name>Async.WithAddress.obj</name>
      </input_file>
      <input_file id="fl-35">
         <path>C:\ti\Hercules\F021 Flash API\02.01.01\</path>
         <kind>archive</kind>
         <file>F021_API_CortexR4_BE_V3D16.lib</file>
         <name>BlankCheck.obj</name>
      </input_file>
      <input_file id="fl-36">
         <path>C:\ti\Hercules\F021 Flash API\02.01.01\</path>
         <kind>archive</kind>
         <file>F021_API_CortexR4_BE_V3D16.lib</file>
         <name>FlashStateMachine.EnableEepromSectors.obj</name>
      </input_file>
      <input_file id="fl-37">
         <path>C:\ti\Hercules\F021 Flash API\02.01.01\</path>
         <kind>archive</kind>
         <file>F021_API_CortexR4_BE_V3D16.lib</file>
         <name>FlashStateMachine.InitializeFlashBanks.obj</name>
      </input_file>
      <input_file id="fl-38">
         <path>C:\ti\Hercules\F021 Flash API\02.01.01\</path>
         <kind>archive</kind>
         <file>F021_API_CortexR4_BE_V3D16.lib</file>
         <name>FlashStateMachine.IssueFsmCommand.obj</name>
      </input_file>
      <input_file id="fl-39">
         <path>C:\ti\Hercules\F021 Flash API\02.01.01\</path>
         <kind>archive</kind>
         <file>F021_API_CortexR4_BE_V3D16.lib</file>
         <name>FlashStateMachine.ScaleFclk.obj</name>
      </input_file>
      <input_file id="fl-3a">
         <path>C:\ti\Hercules\F021 Flash API\02.01.01\</path>
         <kind>archive</kind>
         <file>F021_API_CortexR4_BE_V3D16.lib</file>
         <name>FlashStateMachine.SetActiveBank.obj</name>
      </input_file>
      <input_file id="fl-3b">
         <path>C:\ti\Hercules\F021 Flash API\02.01.01\</path>
         <kind>archive</kind>
         <file>F021_API_CortexR4_BE_V3D16.lib</file>
         <name>Read.FlushPipeline.obj</name>
      </input_file>
      <input_file id="fl-3c">
         <path>C:\ti\Hercules\F021 Flash API\02.01.01\</path>
         <kind>archive</kind>
         <file>F021_API_CortexR4_BE_V3D16.lib</file>
         <name>Read.LoopDword.obj</name>
      </input_file>
      <input_file id="fl-3d">
         <path>C:\ti\Hercules\F021 Flash API\02.01.01\</path>
         <kind>archive</kind>
         <file>F021_API_CortexR4_BE_V3D16.lib</file>
         <name>Read.WdService.obj</name>
      </input_file>
      <input_file id="fl-3e">
         <path>C:\ti\Hercules\F021 Flash API\02.01.01\</path>
         <kind>archive</kind>
         <file>F021_API_CortexR4_BE_V3D16.lib</file>
         <name>Utilities.CalculateFletcher.obj</name>
      </input_file>
      <input_file id="fl-3f">
         <path>C:\ti\Hercules\F021 Flash API\02.01.01\</path>
         <kind>archive</kind>
         <file>F021_API_CortexR4_BE_V3D16.lib</file>
         <name>Utilities.WaitDelay.obj</name>
      </input_file>
      <input_file id="fl-40">
         <path>C:\ti\Hercules\F021 Flash API\02.01.01\</path>
         <kind>archive</kind>
         <file>F021_API_CortexR4_BE_V3D16.lib</file>
         <name>Utilities.GetNumberOfSectors.obj</name>
      </input_file>
      <input_file id="fl-41">
         <path>C:\ti\Hercules\F021 Flash API\02.01.01\</path>
         <kind>archive</kind>
         <file>F021_API_CortexR4_BE_V3D16.lib</file>
         <name>Read.Common.obj</name>
      </input_file>
      <input_file id="fl-42">
         <path>C:\ti\Hercules\F021 Flash API\02.01.01\</path>
         <kind>archive</kind>
         <file>F021_API_CortexR4_BE_V3D16.lib</file>
         <name>FlashStateMachine.Hercules.IsEccAddress.obj</name>
      </input_file>
   </input_file_list>
   <object_component_list>
      <object_component id="oc-2b">
         <name>.intvecs</name>
         <load_address>0x0</load_address>
         <run_address>0x0</run_address>
         <size>0x20</size>
         <input_file_ref idref="fl-c"/>
      </object_component>
      <object_component id="oc-12d">
         <name>.text</name>
         <load_address>0x20</load_address>
         <run_address>0x20</run_address>
         <size>0x57d0</size>
         <input_file_ref idref="fl-22"/>
      </object_component>
      <object_component id="oc-7c">
         <name>.text</name>
         <load_address>0x57f0</load_address>
         <run_address>0x57f0</run_address>
         <size>0x2a14</size>
         <input_file_ref idref="fl-13"/>
      </object_component>
      <object_component id="oc-121">
         <name>.text</name>
         <load_address>0x8204</load_address>
         <run_address>0x8204</run_address>
         <size>0x1768</size>
         <input_file_ref idref="fl-1c"/>
      </object_component>
      <object_component id="oc-127">
         <name>.text</name>
         <load_address>0x996c</load_address>
         <run_address>0x996c</run_address>
         <size>0x10e0</size>
         <input_file_ref idref="fl-1e"/>
      </object_component>
      <object_component id="oc-76">
         <name>.text</name>
         <load_address>0xaa4c</load_address>
         <run_address>0xaa4c</run_address>
         <size>0xad4</size>
         <input_file_ref idref="fl-16"/>
      </object_component>
      <object_component id="oc-3c">
         <name>.text</name>
         <load_address>0xb520</load_address>
         <run_address>0xb520</run_address>
         <size>0xa54</size>
         <input_file_ref idref="fl-15"/>
      </object_component>
      <object_component id="oc-db">
         <name>.text</name>
         <load_address>0xbf74</load_address>
         <run_address>0xbf74</run_address>
         <size>0x7dc</size>
         <input_file_ref idref="fl-9"/>
      </object_component>
      <object_component id="oc-6a">
         <name>.text</name>
         <load_address>0xc750</load_address>
         <run_address>0xc750</run_address>
         <size>0x664</size>
         <input_file_ref idref="fl-5"/>
      </object_component>
      <object_component id="oc-82">
         <name>.text</name>
         <load_address>0xcdb4</load_address>
         <run_address>0xcdb4</run_address>
         <size>0x5bc</size>
         <input_file_ref idref="fl-6"/>
      </object_component>
      <object_component id="oc-65">
         <name>.text</name>
         <load_address>0xd370</load_address>
         <run_address>0xd370</run_address>
         <size>0x34c</size>
         <input_file_ref idref="fl-a"/>
      </object_component>
      <object_component id="oc-36">
         <name>.text:retain</name>
         <load_address>0xd6bc</load_address>
         <run_address>0xd6bc</run_address>
         <size>0x2cc</size>
         <input_file_ref idref="fl-15"/>
      </object_component>
      <object_component id="oc-1c">
         <name>.text:retain</name>
         <load_address>0xd988</load_address>
         <run_address>0xd988</run_address>
         <size>0x264</size>
         <input_file_ref idref="fl-14"/>
      </object_component>
      <object_component id="oc-202">
         <name>.text:Fapi_initializeFlashBanks</name>
         <load_address>0xdbec</load_address>
         <run_address>0xdbec</run_address>
         <size>0x260</size>
         <input_file_ref idref="fl-37"/>
      </object_component>
      <object_component id="oc-89">
         <name>.text</name>
         <load_address>0xde4c</load_address>
         <run_address>0xde4c</run_address>
         <size>0x1fc</size>
         <input_file_ref idref="fl-d"/>
      </object_component>
      <object_component id="oc-208">
         <name>.text:Fapi_setActiveFlashBank</name>
         <load_address>0xe048</load_address>
         <run_address>0xe048</run_address>
         <size>0x17c</size>
         <input_file_ref idref="fl-3a"/>
      </object_component>
      <object_component id="oc-22">
         <name>.text:retain</name>
         <load_address>0xe1c4</load_address>
         <run_address>0xe1c4</run_address>
         <size>0x114</size>
         <input_file_ref idref="fl-6"/>
      </object_component>
      <object_component id="oc-a0">
         <name>.text</name>
         <load_address>0xe2d8</load_address>
         <run_address>0xe2d8</run_address>
         <size>0xe8</size>
         <input_file_ref idref="fl-4"/>
      </object_component>
      <object_component id="oc-e3">
         <name>.text</name>
         <load_address>0xe3c0</load_address>
         <run_address>0xe3c0</run_address>
         <size>0xe0</size>
         <input_file_ref idref="fl-12"/>
      </object_component>
      <object_component id="oc-4d">
         <name>.text</name>
         <load_address>0xe4a0</load_address>
         <run_address>0xe4a0</run_address>
         <size>0x9c</size>
         <input_file_ref idref="fl-31"/>
      </object_component>
      <object_component id="oc-223">
         <name>.text:Fapi_doBlankCheck</name>
         <load_address>0xe53c</load_address>
         <run_address>0xe53c</run_address>
         <size>0x94</size>
         <input_file_ref idref="fl-35"/>
      </object_component>
      <object_component id="oc-20e">
         <name>.text:Fapi_enableEepromBankSectors</name>
         <load_address>0xe5d0</load_address>
         <run_address>0xe5d0</run_address>
         <size>0x80</size>
         <input_file_ref idref="fl-36"/>
      </object_component>
      <object_component id="oc-91">
         <name>.text</name>
         <load_address>0xe650</load_address>
         <run_address>0xe650</run_address>
         <size>0x80</size>
         <input_file_ref idref="fl-8"/>
      </object_component>
      <object_component id="oc-f">
         <name>.text:decompress:lzss:__TI_decompress_lzss</name>
         <load_address>0xe6d0</load_address>
         <run_address>0xe6d0</run_address>
         <size>0x6c</size>
         <input_file_ref idref="fl-2e"/>
      </object_component>
      <object_component id="oc-2d0">
         <name>.text:_Fapi_loopRegionForValue</name>
         <load_address>0xe73c</load_address>
         <run_address>0xe73c</run_address>
         <size>0x5e</size>
         <input_file_ref idref="fl-3c"/>
      </object_component>
      <object_component id="oc-364">
         <name>.text:Fapi_isAddressEcc</name>
         <load_address>0xe79c</load_address>
         <run_address>0xe79c</run_address>
         <size>0x50</size>
         <input_file_ref idref="fl-42"/>
      </object_component>
      <object_component id="oc-2be">
         <name>.text:_Fapi_EnableSectors</name>
         <load_address>0xe7ec</load_address>
         <run_address>0xe7ec</run_address>
         <size>0x44</size>
         <input_file_ref idref="fl-36"/>
      </object_component>
      <object_component id="oc-f1">
         <name>.text:__TI_auto_init_nobinit_nopinit:__TI_auto_init_nobinit_nopinit</name>
         <load_address>0xe830</load_address>
         <run_address>0xe830</run_address>
         <size>0x44</size>
         <input_file_ref idref="fl-2a"/>
      </object_component>
      <object_component id="oc-2d8">
         <name>.text:_Fapi_issueFsmCommand</name>
         <load_address>0xe874</load_address>
         <run_address>0xe874</run_address>
         <size>0x3c</size>
         <input_file_ref idref="fl-38"/>
      </object_component>
      <object_component id="oc-291">
         <name>.text:Fapi_calculateFletcherChecksum</name>
         <load_address>0xe8b0</load_address>
         <run_address>0xe8b0</run_address>
         <size>0x36</size>
         <input_file_ref idref="fl-3e"/>
      </object_component>
      <object_component id="oc-22f">
         <name>.text:Fapi_issueAsyncCommandWithAddress</name>
         <load_address>0xe8e8</load_address>
         <run_address>0xe8e8</run_address>
         <size>0x30</size>
         <input_file_ref idref="fl-34"/>
      </object_component>
      <object_component id="oc-334">
         <name>.text:Fapi_waitDelay</name>
         <load_address>0xe918</load_address>
         <run_address>0xe918</run_address>
         <size>0x30</size>
         <input_file_ref idref="fl-3f"/>
      </object_component>
      <object_component id="oc-33c">
         <name>.text:_Fapi_readDword</name>
         <load_address>0xe948</load_address>
         <run_address>0xe948</run_address>
         <size>0x2c</size>
         <input_file_ref idref="fl-41"/>
      </object_component>
      <object_component id="oc-229">
         <name>.text:Fapi_issueAsyncCommand</name>
         <load_address>0xe974</load_address>
         <run_address>0xe974</run_address>
         <size>0x2a</size>
         <input_file_ref idref="fl-33"/>
      </object_component>
      <object_component id="oc-2ca">
         <name>.text:Fapi_flushPipeline</name>
         <load_address>0xe99e</load_address>
         <run_address>0xe99e</run_address>
         <size>0x22</size>
         <input_file_ref idref="fl-3b"/>
      </object_component>
      <object_component id="oc-297">
         <name>.text:_Fapi_divideUnsignedLong</name>
         <load_address>0xe9c0</load_address>
         <run_address>0xe9c0</run_address>
         <size>0x1c</size>
         <input_file_ref idref="fl-37"/>
      </object_component>
      <object_component id="oc-59">
         <name>.text:decompress:ZI:__TI_zero_init_nomemset:__TI_zero_init_nomemset</name>
         <load_address>0xe9dc</load_address>
         <run_address>0xe9dc</run_address>
         <size>0x1c</size>
         <input_file_ref idref="fl-2c"/>
      </object_component>
      <object_component id="oc-2b8">
         <name>.text:Fapi_getNumberOfBankSectors</name>
         <load_address>0xe9f8</load_address>
         <run_address>0xe9f8</run_address>
         <size>0x10</size>
         <input_file_ref idref="fl-40"/>
      </object_component>
      <object_component id="oc-2a3">
         <name>.text:_scaleEEFclk</name>
         <load_address>0xea08</load_address>
         <run_address>0xea08</run_address>
         <size>0x10</size>
         <input_file_ref idref="fl-39"/>
      </object_component>
      <object_component id="oc-29d">
         <name>.text:_scaleMainFclk</name>
         <load_address>0xea18</load_address>
         <run_address>0xea18</run_address>
         <size>0x10</size>
         <input_file_ref idref="fl-39"/>
      </object_component>
      <object_component id="oc-15">
         <name>.text:decompress:none:__TI_decompress_none</name>
         <load_address>0xea28</load_address>
         <run_address>0xea28</run_address>
         <size>0xe</size>
         <input_file_ref idref="fl-2d"/>
      </object_component>
      <object_component id="oc-342">
         <name>.text:_Fapi_checkWdService</name>
         <load_address>0xea36</load_address>
         <run_address>0xea36</run_address>
         <size>0xc</size>
         <input_file_ref idref="fl-3d"/>
      </object_component>
      <object_component id="oc-36c">
         <name>.text</name>
         <load_address>0xea44</load_address>
         <run_address>0xea44</run_address>
         <size>0x8</size>
         <input_file_ref idref="fl-3"/>
      </object_component>
      <object_component id="oc-152">
         <name>.text:abort:abort</name>
         <load_address>0xea4c</load_address>
         <run_address>0xea4c</run_address>
         <size>0x4</size>
         <input_file_ref idref="fl-2f"/>
      </object_component>
      <object_component id="oc-30">
         <name>.text:retain</name>
         <load_address>0xea50</load_address>
         <run_address>0xea50</run_address>
         <size>0x4</size>
         <input_file_ref idref="fl-10"/>
      </object_component>
      <object_component id="oc-70">
         <name>.text</name>
         <load_address>0xea54</load_address>
         <run_address>0xea54</run_address>
         <size>0x4</size>
         <input_file_ref idref="fl-14"/>
      </object_component>
      <object_component id="oc-3ad">
         <name>.tramp.Fapi_serviceWatchdogTimer.1</name>
         <load_address>0xea58</load_address>
         <run_address>0xea58</run_address>
         <size>0x8</size>
         <input_file_ref idref="fl-3"/>
      </object_component>
      <object_component id="oc-28">
         <name>.const:s_vim_init</name>
         <load_address>0x10370</load_address>
         <run_address>0x10370</run_address>
         <size>0x200</size>
         <input_file_ref idref="fl-15"/>
      </object_component>
      <object_component id="oc-3ab">
         <name>.cinit..data.load</name>
         <load_address>0x10730</load_address>
         <run_address>0x10730</run_address>
         <size>0x15</size>
      </object_component>
      <object_component id="oc-3a8">
         <name>__TI_handler_table</name>
         <load_address>0x10748</load_address>
         <run_address>0x10748</run_address>
         <size>0xc</size>
      </object_component>
      <object_component id="oc-3ac">
         <name>.cinit.FEE_DATA_SECTION.load</name>
         <load_address>0x10754</load_address>
         <run_address>0x10754</run_address>
         <size>0x9</size>
      </object_component>
      <object_component id="oc-3aa">
         <name>.cinit..bss.load</name>
         <load_address>0x10760</load_address>
         <run_address>0x10760</run_address>
         <size>0x8</size>
      </object_component>
      <object_component id="oc-3a9">
         <name>__TI_cinit_table</name>
         <load_address>0x10768</load_address>
         <run_address>0x10768</run_address>
         <size>0x18</size>
      </object_component>
      <object_component id="oc-14b">
         <name>.common:Status</name>
         <uninitialized>true</uninitialized>
         <run_address>0x8001632</run_address>
         <size>0x2</size>
      </object_component>
      <object_component id="oc-14e">
         <name>.data</name>
         <load_address>0x8001705</load_address>
         <run_address>0x8001705</run_address>
         <size>0x1</size>
         <input_file_ref idref="fl-d"/>
      </object_component>
      <object_component id="oc-145">
         <name>.data:read_data</name>
         <load_address>0x8001698</load_address>
         <run_address>0x8001698</run_address>
         <size>0x64</size>
         <input_file_ref idref="fl-d"/>
      </object_component>
      <object_component id="oc-148">
         <name>.data:SpecialRamBlock</name>
         <load_address>0x8001634</load_address>
         <run_address>0x8001634</run_address>
         <size>0x64</size>
         <input_file_ref idref="fl-d"/>
      </object_component>
      <object_component id="oc-31c">
         <name>.data</name>
         <load_address>0x80016fc</load_address>
         <run_address>0x80016fc</run_address>
         <size>0x8</size>
         <input_file_ref idref="fl-39"/>
      </object_component>
      <object_component id="oc-2b5">
         <name>.data</name>
         <load_address>0x8001704</load_address>
         <run_address>0x8001704</run_address>
         <size>0x1</size>
         <input_file_ref idref="fl-3a"/>
      </object_component>
      <object_component id="oc-139">
         <name>FEE_TEXT_SECTION</name>
         <load_address>0xea60</load_address>
         <run_address>0xea60</run_address>
         <size>0xcb8</size>
         <input_file_ref idref="fl-23"/>
      </object_component>
      <object_component id="oc-13f">
         <name>FEE_TEXT_SECTION</name>
         <load_address>0xf718</load_address>
         <run_address>0xf718</run_address>
         <size>0x7a8</size>
         <input_file_ref idref="fl-1f"/>
      </object_component>
      <object_component id="oc-133">
         <name>FEE_TEXT_SECTION</name>
         <load_address>0xfec0</load_address>
         <run_address>0xfec0</run_address>
         <size>0x4b0</size>
         <input_file_ref idref="fl-1b"/>
      </object_component>
      <object_component id="oc-1fc">
         <name>FEE_CONST_SECTION</name>
         <load_address>0x10570</load_address>
         <run_address>0x10570</run_address>
         <size>0x1a4</size>
         <input_file_ref idref="fl-2"/>
      </object_component>
      <object_component id="oc-1ff">
         <name>FEE_CONST_SECTION</name>
         <load_address>0x10714</load_address>
         <run_address>0x10714</run_address>
         <size>0x1c</size>
         <input_file_ref idref="fl-19"/>
      </object_component>
      <object_component id="oc-1f9">
         <name>FEE_DATA_SECTION</name>
         <load_address>0x8001500</load_address>
         <run_address>0x8001500</run_address>
         <size>0xf5</size>
         <input_file_ref idref="fl-1c"/>
      </object_component>
      <object_component id="oc-220">
         <name>FEE_DATA_SECTION</name>
         <load_address>0x80015f5</load_address>
         <run_address>0x80015f5</run_address>
         <size>0x1</size>
         <input_file_ref idref="fl-1e"/>
      </object_component>
      <object_component id="oc-236">
         <name>FEE_DATA_SECTION:uninit</name>
         <load_address>0x80015f8</load_address>
         <run_address>0x80015f8</run_address>
         <size>0x2e</size>
         <input_file_ref idref="fl-22"/>
      </object_component>
      <object_component id="oc-235">
         <name>FEE_DATA_SECTION:init</name>
         <load_address>0x8001628</load_address>
         <run_address>0x8001628</run_address>
         <size>0x9</size>
         <input_file_ref idref="fl-22"/>
      </object_component>
      <object_component id="oc-26b">
         <name>.debug_info</name>
         <load_address>0x0</load_address>
         <run_address>0x0</run_address>
         <size>0x1e4</size>
         <input_file_ref idref="fl-2"/>
      </object_component>
      <object_component id="oc-1fd">
         <name>.debug_info</name>
         <load_address>0x1e4</load_address>
         <run_address>0x1e4</run_address>
         <size>0xf2</size>
         <input_file_ref idref="fl-2"/>
      </object_component>
      <object_component id="oc-21b">
         <name>.debug_info</name>
         <load_address>0x2d6</load_address>
         <run_address>0x2d6</run_address>
         <size>0xe57</size>
         <input_file_ref idref="fl-2"/>
      </object_component>
      <object_component id="oc-249">
         <name>.debug_info</name>
         <load_address>0x112d</load_address>
         <run_address>0x112d</run_address>
         <size>0x227</size>
         <input_file_ref idref="fl-2"/>
      </object_component>
      <object_component id="oc-24e">
         <name>.debug_info</name>
         <load_address>0x1354</load_address>
         <run_address>0x1354</run_address>
         <size>0x26d5</size>
         <input_file_ref idref="fl-2"/>
      </object_component>
      <object_component id="oc-16c">
         <name>.debug_info</name>
         <load_address>0x3a29</load_address>
         <run_address>0x3a29</run_address>
         <size>0x26b</size>
         <input_file_ref idref="fl-2"/>
      </object_component>
      <object_component id="oc-98">
         <name>.debug_info</name>
         <load_address>0x3c94</load_address>
         <run_address>0x3c94</run_address>
         <size>0x157</size>
         <input_file_ref idref="fl-2"/>
      </object_component>
      <object_component id="oc-2e4">
         <name>.debug_info</name>
         <load_address>0x3deb</load_address>
         <run_address>0x3deb</run_address>
         <size>0x46</size>
         <input_file_ref idref="fl-2"/>
      </object_component>
      <object_component id="oc-ae">
         <name>.debug_info</name>
         <load_address>0x3e31</load_address>
         <run_address>0x3e31</run_address>
         <size>0x8b</size>
         <input_file_ref idref="fl-2"/>
      </object_component>
      <object_component id="oc-266">
         <name>.debug_info</name>
         <load_address>0x3ebc</load_address>
         <run_address>0x3ebc</run_address>
         <size>0x297</size>
         <input_file_ref idref="fl-2"/>
      </object_component>
      <object_component id="oc-165">
         <name>.debug_info</name>
         <load_address>0x4153</load_address>
         <run_address>0x4153</run_address>
         <size>0xbb</size>
         <input_file_ref idref="fl-2"/>
      </object_component>
      <object_component id="oc-36d">
         <name>.debug_info</name>
         <load_address>0x420e</load_address>
         <run_address>0x420e</run_address>
         <size>0x16e</size>
         <input_file_ref idref="fl-3"/>
      </object_component>
      <object_component id="oc-48">
         <name>.debug_info</name>
         <load_address>0x437c</load_address>
         <run_address>0x437c</run_address>
         <size>0x84</size>
         <input_file_ref idref="fl-3"/>
      </object_component>
      <object_component id="oc-a3">
         <name>.debug_info</name>
         <load_address>0x4400</load_address>
         <run_address>0x4400</run_address>
         <size>0xf2</size>
         <input_file_ref idref="fl-4"/>
      </object_component>
      <object_component id="oc-1a4">
         <name>.debug_info</name>
         <load_address>0x44f2</load_address>
         <run_address>0x44f2</run_address>
         <size>0x2b1</size>
         <input_file_ref idref="fl-5"/>
      </object_component>
      <object_component id="oc-6c">
         <name>.debug_info</name>
         <load_address>0x47a3</load_address>
         <run_address>0x47a3</run_address>
         <size>0x632</size>
         <input_file_ref idref="fl-5"/>
      </object_component>
      <object_component id="oc-d5">
         <name>.debug_info</name>
         <load_address>0x4dd5</load_address>
         <run_address>0x4dd5</run_address>
         <size>0x9e7</size>
         <input_file_ref idref="fl-5"/>
      </object_component>
      <object_component id="oc-f0">
         <name>.debug_info</name>
         <load_address>0x57bc</load_address>
         <run_address>0x57bc</run_address>
         <size>0x309</size>
         <input_file_ref idref="fl-6"/>
      </object_component>
      <object_component id="oc-83">
         <name>.debug_info</name>
         <load_address>0x5ac5</load_address>
         <run_address>0x5ac5</run_address>
         <size>0xb1e</size>
         <input_file_ref idref="fl-6"/>
      </object_component>
      <object_component id="oc-24">
         <name>.debug_info</name>
         <load_address>0x65e3</load_address>
         <run_address>0x65e3</run_address>
         <size>0x17e</size>
         <input_file_ref idref="fl-6"/>
      </object_component>
      <object_component id="oc-a9">
         <name>.debug_info</name>
         <load_address>0x6761</load_address>
         <run_address>0x6761</run_address>
         <size>0x18c</size>
         <input_file_ref idref="fl-6"/>
      </object_component>
      <object_component id="oc-b3">
         <name>.debug_info</name>
         <load_address>0x68ed</load_address>
         <run_address>0x68ed</run_address>
         <size>0x86</size>
         <input_file_ref idref="fl-6"/>
      </object_component>
      <object_component id="oc-171">
         <name>.debug_info</name>
         <load_address>0x6973</load_address>
         <run_address>0x6973</run_address>
         <size>0x1de</size>
         <input_file_ref idref="fl-6"/>
      </object_component>
      <object_component id="oc-eb">
         <name>.debug_info</name>
         <load_address>0x6b51</load_address>
         <run_address>0x6b51</run_address>
         <size>0x129</size>
         <input_file_ref idref="fl-6"/>
      </object_component>
      <object_component id="oc-18a">
         <name>.debug_info</name>
         <load_address>0x6c7a</load_address>
         <run_address>0x6c7a</run_address>
         <size>0x2d0</size>
         <input_file_ref idref="fl-6"/>
      </object_component>
      <object_component id="oc-26c">
         <name>.debug_info</name>
         <load_address>0x6f4a</load_address>
         <run_address>0x6f4a</run_address>
         <size>0x28c</size>
         <input_file_ref idref="fl-7"/>
      </object_component>
      <object_component id="oc-17b">
         <name>.debug_info</name>
         <load_address>0x71d6</load_address>
         <run_address>0x71d6</run_address>
         <size>0x1f9</size>
         <input_file_ref idref="fl-7"/>
      </object_component>
      <object_component id="oc-2ff">
         <name>.debug_info</name>
         <load_address>0x73cf</load_address>
         <run_address>0x73cf</run_address>
         <size>0x12a</size>
         <input_file_ref idref="fl-7"/>
      </object_component>
      <object_component id="oc-15f">
         <name>.debug_info</name>
         <load_address>0x74f9</load_address>
         <run_address>0x74f9</run_address>
         <size>0x474</size>
         <input_file_ref idref="fl-8"/>
      </object_component>
      <object_component id="oc-92">
         <name>.debug_info</name>
         <load_address>0x796d</load_address>
         <run_address>0x796d</run_address>
         <size>0x654</size>
         <input_file_ref idref="fl-8"/>
      </object_component>
      <object_component id="oc-1a9">
         <name>.debug_info</name>
         <load_address>0x7fc1</load_address>
         <run_address>0x7fc1</run_address>
         <size>0x791</size>
         <input_file_ref idref="fl-8"/>
      </object_component>
      <object_component id="oc-1ae">
         <name>.debug_info</name>
         <load_address>0x8752</load_address>
         <run_address>0x8752</run_address>
         <size>0x4de</size>
         <input_file_ref idref="fl-8"/>
      </object_component>
      <object_component id="oc-1b3">
         <name>.debug_info</name>
         <load_address>0x8c30</load_address>
         <run_address>0x8c30</run_address>
         <size>0x3ce</size>
         <input_file_ref idref="fl-8"/>
      </object_component>
      <object_component id="oc-261">
         <name>.debug_info</name>
         <load_address>0x8ffe</load_address>
         <run_address>0x8ffe</run_address>
         <size>0x7cd</size>
         <input_file_ref idref="fl-8"/>
      </object_component>
      <object_component id="oc-160">
         <name>.debug_info</name>
         <load_address>0x97cb</load_address>
         <run_address>0x97cb</run_address>
         <size>0x673</size>
         <input_file_ref idref="fl-8"/>
      </object_component>
      <object_component id="oc-19c">
         <name>.debug_info</name>
         <load_address>0x9e3e</load_address>
         <run_address>0x9e3e</run_address>
         <size>0x2c</size>
         <input_file_ref idref="fl-8"/>
      </object_component>
      <object_component id="oc-1b8">
         <name>.debug_info</name>
         <load_address>0x9e6a</load_address>
         <run_address>0x9e6a</run_address>
         <size>0x437</size>
         <input_file_ref idref="fl-8"/>
      </object_component>
      <object_component id="oc-1e3">
         <name>.debug_info</name>
         <load_address>0xa2a1</load_address>
         <run_address>0xa2a1</run_address>
         <size>0x37b</size>
         <input_file_ref idref="fl-8"/>
      </object_component>
      <object_component id="oc-1bd">
         <name>.debug_info</name>
         <load_address>0xa61c</load_address>
         <run_address>0xa61c</run_address>
         <size>0x1ca</size>
         <input_file_ref idref="fl-8"/>
      </object_component>
      <object_component id="oc-176">
         <name>.debug_info</name>
         <load_address>0xa7e6</load_address>
         <run_address>0xa7e6</run_address>
         <size>0x435</size>
         <input_file_ref idref="fl-8"/>
      </object_component>
      <object_component id="oc-1d6">
         <name>.debug_info</name>
         <load_address>0xac1b</load_address>
         <run_address>0xac1b</run_address>
         <size>0x53b</size>
         <input_file_ref idref="fl-8"/>
      </object_component>
      <object_component id="oc-1c2">
         <name>.debug_info</name>
         <load_address>0xb156</load_address>
         <run_address>0xb156</run_address>
         <size>0x3d3</size>
         <input_file_ref idref="fl-8"/>
      </object_component>
      <object_component id="oc-1cc">
         <name>.debug_info</name>
         <load_address>0xb529</load_address>
         <run_address>0xb529</run_address>
         <size>0x1de</size>
         <input_file_ref idref="fl-8"/>
      </object_component>
      <object_component id="oc-1db">
         <name>.debug_info</name>
         <load_address>0xb707</load_address>
         <run_address>0xb707</run_address>
         <size>0x17a</size>
         <input_file_ref idref="fl-8"/>
      </object_component>
      <object_component id="oc-180">
         <name>.debug_info</name>
         <load_address>0xb881</load_address>
         <run_address>0xb881</run_address>
         <size>0x6a6</size>
         <input_file_ref idref="fl-8"/>
      </object_component>
      <object_component id="oc-185">
         <name>.debug_info</name>
         <load_address>0xbf27</load_address>
         <run_address>0xbf27</run_address>
         <size>0x13e</size>
         <input_file_ref idref="fl-8"/>
      </object_component>
      <object_component id="oc-1a6">
         <name>.debug_info</name>
         <load_address>0xc065</load_address>
         <run_address>0xc065</run_address>
         <size>0x273</size>
         <input_file_ref idref="fl-9"/>
      </object_component>
      <object_component id="oc-dc">
         <name>.debug_info</name>
         <load_address>0xc2d8</load_address>
         <run_address>0xc2d8</run_address>
         <size>0x1dc</size>
         <input_file_ref idref="fl-9"/>
      </object_component>
      <object_component id="oc-1c7">
         <name>.debug_info</name>
         <load_address>0xc4b4</load_address>
         <run_address>0xc4b4</run_address>
         <size>0x508</size>
         <input_file_ref idref="fl-9"/>
      </object_component>
      <object_component id="oc-271">
         <name>.debug_info</name>
         <load_address>0xc9bc</load_address>
         <run_address>0xc9bc</run_address>
         <size>0x43c</size>
         <input_file_ref idref="fl-9"/>
      </object_component>
      <object_component id="oc-66">
         <name>.debug_info</name>
         <load_address>0xcdf8</load_address>
         <run_address>0xcdf8</run_address>
         <size>0x7e7</size>
         <input_file_ref idref="fl-a"/>
      </object_component>
      <object_component id="oc-2d">
         <name>.debug_info</name>
         <load_address>0xd5df</load_address>
         <run_address>0xd5df</run_address>
         <size>0xfa</size>
         <input_file_ref idref="fl-c"/>
      </object_component>
      <object_component id="oc-14c">
         <name>.debug_info</name>
         <load_address>0xd6d9</load_address>
         <run_address>0xd6d9</run_address>
         <size>0x6b2</size>
         <input_file_ref idref="fl-d"/>
      </object_component>
      <object_component id="oc-14f">
         <name>.debug_info</name>
         <load_address>0xdd8b</load_address>
         <run_address>0xdd8b</run_address>
         <size>0xd3</size>
         <input_file_ref idref="fl-d"/>
      </object_component>
      <object_component id="oc-146">
         <name>.debug_info</name>
         <load_address>0xde5e</load_address>
         <run_address>0xde5e</run_address>
         <size>0xd7</size>
         <input_file_ref idref="fl-d"/>
      </object_component>
      <object_component id="oc-149">
         <name>.debug_info</name>
         <load_address>0xdf35</load_address>
         <run_address>0xdf35</run_address>
         <size>0xe3</size>
         <input_file_ref idref="fl-d"/>
      </object_component>
      <object_component id="oc-8a">
         <name>.debug_info</name>
         <load_address>0xe018</load_address>
         <run_address>0xe018</run_address>
         <size>0x38f</size>
         <input_file_ref idref="fl-d"/>
      </object_component>
      <object_component id="oc-239">
         <name>.debug_info</name>
         <load_address>0xe3a7</load_address>
         <run_address>0xe3a7</run_address>
         <size>0x1f8</size>
         <input_file_ref idref="fl-d"/>
      </object_component>
      <object_component id="oc-216">
         <name>.debug_info</name>
         <load_address>0xe59f</load_address>
         <run_address>0xe59f</run_address>
         <size>0x841</size>
         <input_file_ref idref="fl-d"/>
      </object_component>
      <object_component id="oc-276">
         <name>.debug_info</name>
         <load_address>0xede0</load_address>
         <run_address>0xede0</run_address>
         <size>0x292</size>
         <input_file_ref idref="fl-f"/>
      </object_component>
      <object_component id="oc-306">
         <name>.debug_info</name>
         <load_address>0xf072</load_address>
         <run_address>0xf072</run_address>
         <size>0x242</size>
         <input_file_ref idref="fl-f"/>
      </object_component>
      <object_component id="oc-1d1">
         <name>.debug_info</name>
         <load_address>0xf2b4</load_address>
         <run_address>0xf2b4</run_address>
         <size>0x2af</size>
         <input_file_ref idref="fl-f"/>
      </object_component>
      <object_component id="oc-34">
         <name>.debug_info</name>
         <load_address>0xf563</load_address>
         <run_address>0xf563</run_address>
         <size>0x12f</size>
         <input_file_ref idref="fl-10"/>
      </object_component>
      <object_component id="oc-e4">
         <name>.debug_info</name>
         <load_address>0xf692</load_address>
         <run_address>0xf692</run_address>
         <size>0x359</size>
         <input_file_ref idref="fl-12"/>
      </object_component>
      <object_component id="oc-e9">
         <name>.debug_info</name>
         <load_address>0xf9eb</load_address>
         <run_address>0xf9eb</run_address>
         <size>0x662</size>
         <input_file_ref idref="fl-13"/>
      </object_component>
      <object_component id="oc-7d">
         <name>.debug_info</name>
         <load_address>0x1004d</load_address>
         <run_address>0x1004d</run_address>
         <size>0x2c43</size>
         <input_file_ref idref="fl-13"/>
      </object_component>
      <object_component id="oc-1d">
         <name>.debug_info</name>
         <load_address>0x12c90</load_address>
         <run_address>0x12c90</run_address>
         <size>0x5a1</size>
         <input_file_ref idref="fl-14"/>
      </object_component>
      <object_component id="oc-72">
         <name>.debug_info</name>
         <load_address>0x13231</load_address>
         <run_address>0x13231</run_address>
         <size>0x128</size>
         <input_file_ref idref="fl-14"/>
      </object_component>
      <object_component id="oc-9f">
         <name>.debug_info</name>
         <load_address>0x13359</load_address>
         <run_address>0x13359</run_address>
         <size>0x43e</size>
         <input_file_ref idref="fl-15"/>
      </object_component>
      <object_component id="oc-29">
         <name>.debug_info</name>
         <load_address>0x13797</load_address>
         <run_address>0x13797</run_address>
         <size>0xd7</size>
         <input_file_ref idref="fl-15"/>
      </object_component>
      <object_component id="oc-3f">
         <name>.debug_info</name>
         <load_address>0x1386e</load_address>
         <run_address>0x1386e</run_address>
         <size>0x469</size>
         <input_file_ref idref="fl-15"/>
      </object_component>
      <object_component id="oc-39">
         <name>.debug_info</name>
         <load_address>0x13cd7</load_address>
         <run_address>0x13cd7</run_address>
         <size>0x1f2</size>
         <input_file_ref idref="fl-15"/>
      </object_component>
      <object_component id="oc-18f">
         <name>.debug_info</name>
         <load_address>0x13ec9</load_address>
         <run_address>0x13ec9</run_address>
         <size>0x4f</size>
         <input_file_ref idref="fl-15"/>
      </object_component>
      <object_component id="oc-e2">
         <name>.debug_info</name>
         <load_address>0x13f18</load_address>
         <run_address>0x13f18</run_address>
         <size>0x50f</size>
         <input_file_ref idref="fl-16"/>
      </object_component>
      <object_component id="oc-77">
         <name>.debug_info</name>
         <load_address>0x14427</load_address>
         <run_address>0x14427</run_address>
         <size>0x7cc</size>
         <input_file_ref idref="fl-16"/>
      </object_component>
      <object_component id="oc-290">
         <name>.debug_info</name>
         <load_address>0x14bf3</load_address>
         <run_address>0x14bf3</run_address>
         <size>0x258</size>
         <input_file_ref idref="fl-19"/>
      </object_component>
      <object_component id="oc-200">
         <name>.debug_info</name>
         <load_address>0x14e4b</load_address>
         <run_address>0x14e4b</run_address>
         <size>0x140</size>
         <input_file_ref idref="fl-19"/>
      </object_component>
      <object_component id="oc-135">
         <name>.debug_info</name>
         <load_address>0x14f8b</load_address>
         <run_address>0x14f8b</run_address>
         <size>0x407</size>
         <input_file_ref idref="fl-1b"/>
      </object_component>
      <object_component id="oc-215">
         <name>.debug_info</name>
         <load_address>0x15392</load_address>
         <run_address>0x15392</run_address>
         <size>0x7bc</size>
         <input_file_ref idref="fl-1c"/>
      </object_component>
      <object_component id="oc-1fa">
         <name>.debug_info</name>
         <load_address>0x15b4e</load_address>
         <run_address>0x15b4e</run_address>
         <size>0x37e</size>
         <input_file_ref idref="fl-1c"/>
      </object_component>
      <object_component id="oc-122">
         <name>.debug_info</name>
         <load_address>0x15ecc</load_address>
         <run_address>0x15ecc</run_address>
         <size>0x71a</size>
         <input_file_ref idref="fl-1c"/>
      </object_component>
      <object_component id="oc-222">
         <name>.debug_info</name>
         <load_address>0x165e6</load_address>
         <run_address>0x165e6</run_address>
         <size>0x8b0</size>
         <input_file_ref idref="fl-1e"/>
      </object_component>
      <object_component id="oc-12a">
         <name>.debug_info</name>
         <load_address>0x16e96</load_address>
         <run_address>0x16e96</run_address>
         <size>0x52a</size>
         <input_file_ref idref="fl-1e"/>
      </object_component>
      <object_component id="oc-242">
         <name>.debug_info</name>
         <load_address>0x173c0</load_address>
         <run_address>0x173c0</run_address>
         <size>0x835</size>
         <input_file_ref idref="fl-1f"/>
      </object_component>
      <object_component id="oc-141">
         <name>.debug_info</name>
         <load_address>0x17bf5</load_address>
         <run_address>0x17bf5</run_address>
         <size>0x519</size>
         <input_file_ref idref="fl-1f"/>
      </object_component>
      <object_component id="oc-238">
         <name>.debug_info</name>
         <load_address>0x1810e</load_address>
         <run_address>0x1810e</run_address>
         <size>0x8fa</size>
         <input_file_ref idref="fl-22"/>
      </object_component>
      <object_component id="oc-12f">
         <name>.debug_info</name>
         <load_address>0x18a08</load_address>
         <run_address>0x18a08</run_address>
         <size>0x5392</size>
         <input_file_ref idref="fl-22"/>
      </object_component>
      <object_component id="oc-240">
         <name>.debug_info</name>
         <load_address>0x1dd9a</load_address>
         <run_address>0x1dd9a</run_address>
         <size>0x9b1</size>
         <input_file_ref idref="fl-23"/>
      </object_component>
      <object_component id="oc-13b">
         <name>.debug_info</name>
         <load_address>0x1e74b</load_address>
         <run_address>0x1e74b</run_address>
         <size>0x516</size>
         <input_file_ref idref="fl-23"/>
      </object_component>
      <object_component id="oc-1eb">
         <name>.debug_info</name>
         <load_address>0x1ec61</load_address>
         <run_address>0x1ec61</run_address>
         <size>0x4b2</size>
         <input_file_ref idref="fl-2a"/>
      </object_component>
      <object_component id="oc-f2">
         <name>.debug_info</name>
         <load_address>0x1f113</load_address>
         <run_address>0x1f113</run_address>
         <size>0x1a5</size>
         <input_file_ref idref="fl-2a"/>
      </object_component>
      <object_component id="oc-279">
         <name>.debug_info</name>
         <load_address>0x1f2b8</load_address>
         <run_address>0x1f2b8</run_address>
         <size>0x39</size>
         <input_file_ref idref="fl-2a"/>
      </object_component>
      <object_component id="oc-30b">
         <name>.debug_info</name>
         <load_address>0x1f2f1</load_address>
         <run_address>0x1f2f1</run_address>
         <size>0x39</size>
         <input_file_ref idref="fl-2a"/>
      </object_component>
      <object_component id="oc-27e">
         <name>.debug_info</name>
         <load_address>0x1f32a</load_address>
         <run_address>0x1f32a</run_address>
         <size>0x39</size>
         <input_file_ref idref="fl-2a"/>
      </object_component>
      <object_component id="oc-283">
         <name>.debug_info</name>
         <load_address>0x1f363</load_address>
         <run_address>0x1f363</run_address>
         <size>0xcd</size>
         <input_file_ref idref="fl-2a"/>
      </object_component>
      <object_component id="oc-cc">
         <name>.debug_info</name>
         <load_address>0x1f430</load_address>
         <run_address>0x1f430</run_address>
         <size>0x2d3</size>
         <input_file_ref idref="fl-2c"/>
      </object_component>
      <object_component id="oc-5a">
         <name>.debug_info</name>
         <load_address>0x1f703</load_address>
         <run_address>0x1f703</run_address>
         <size>0x1d1</size>
         <input_file_ref idref="fl-2c"/>
      </object_component>
      <object_component id="oc-c7">
         <name>.debug_info</name>
         <load_address>0x1f8d4</load_address>
         <run_address>0x1f8d4</run_address>
         <size>0x46</size>
         <input_file_ref idref="fl-2c"/>
      </object_component>
      <object_component id="oc-58">
         <name>.debug_info</name>
         <load_address>0x1f91a</load_address>
         <run_address>0x1f91a</run_address>
         <size>0x2a2</size>
         <input_file_ref idref="fl-2d"/>
      </object_component>
      <object_component id="oc-16">
         <name>.debug_info</name>
         <load_address>0x1fbbc</load_address>
         <run_address>0x1fbbc</run_address>
         <size>0x1d4</size>
         <input_file_ref idref="fl-2d"/>
      </object_component>
      <object_component id="oc-53">
         <name>.debug_info</name>
         <load_address>0x1fd90</load_address>
         <run_address>0x1fd90</run_address>
         <size>0x46</size>
         <input_file_ref idref="fl-2d"/>
      </object_component>
      <object_component id="oc-bf">
         <name>.debug_info</name>
         <load_address>0x1fdd6</load_address>
         <run_address>0x1fdd6</run_address>
         <size>0x2c</size>
         <input_file_ref idref="fl-2d"/>
      </object_component>
      <object_component id="oc-bd">
         <name>.debug_info</name>
         <load_address>0x1fe02</load_address>
         <run_address>0x1fe02</run_address>
         <size>0x29d</size>
         <input_file_ref idref="fl-2e"/>
      </object_component>
      <object_component id="oc-12">
         <name>.debug_info</name>
         <load_address>0x2009f</load_address>
         <run_address>0x2009f</run_address>
         <size>0x24f</size>
         <input_file_ref idref="fl-2e"/>
      </object_component>
      <object_component id="oc-43">
         <name>.debug_info</name>
         <load_address>0x202ee</load_address>
         <run_address>0x202ee</run_address>
         <size>0x60</size>
         <input_file_ref idref="fl-2e"/>
      </object_component>
      <object_component id="oc-195">
         <name>.debug_info</name>
         <load_address>0x2034e</load_address>
         <run_address>0x2034e</run_address>
         <size>0x46</size>
         <input_file_ref idref="fl-2e"/>
      </object_component>
      <object_component id="oc-b8">
         <name>.debug_info</name>
         <load_address>0x20394</load_address>
         <run_address>0x20394</run_address>
         <size>0x39</size>
         <input_file_ref idref="fl-2e"/>
      </object_component>
      <object_component id="oc-154">
         <name>.debug_info</name>
         <load_address>0x203cd</load_address>
         <run_address>0x203cd</run_address>
         <size>0x121</size>
         <input_file_ref idref="fl-2f"/>
      </object_component>
      <object_component id="oc-4e">
         <name>.debug_info</name>
         <load_address>0x204ee</load_address>
         <run_address>0x204ee</run_address>
         <size>0x118</size>
         <input_file_ref idref="fl-31"/>
      </object_component>
      <object_component id="oc-2df">
         <name>.debug_info</name>
         <load_address>0x20606</load_address>
         <run_address>0x20606</run_address>
         <size>0x23c</size>
         <input_file_ref idref="fl-33"/>
      </object_component>
      <object_component id="oc-22a">
         <name>.debug_info</name>
         <load_address>0x20842</load_address>
         <run_address>0x20842</run_address>
         <size>0x1c4</size>
         <input_file_ref idref="fl-33"/>
      </object_component>
      <object_component id="oc-2aa">
         <name>.debug_info</name>
         <load_address>0x20a06</load_address>
         <run_address>0x20a06</run_address>
         <size>0xe55</size>
         <input_file_ref idref="fl-33"/>
      </object_component>
      <object_component id="oc-34a">
         <name>.debug_info</name>
         <load_address>0x2185b</load_address>
         <run_address>0x2185b</run_address>
         <size>0x51</size>
         <input_file_ref idref="fl-33"/>
      </object_component>
      <object_component id="oc-328">
         <name>.debug_info</name>
         <load_address>0x218ac</load_address>
         <run_address>0x218ac</run_address>
         <size>0x26d5</size>
         <input_file_ref idref="fl-33"/>
      </object_component>
      <object_component id="oc-323">
         <name>.debug_info</name>
         <load_address>0x23f81</load_address>
         <run_address>0x23f81</run_address>
         <size>0x1bff</size>
         <input_file_ref idref="fl-33"/>
      </object_component>
      <object_component id="oc-2af">
         <name>.debug_info</name>
         <load_address>0x25b80</load_address>
         <run_address>0x25b80</run_address>
         <size>0x18b</size>
         <input_file_ref idref="fl-33"/>
      </object_component>
      <object_component id="oc-2e1">
         <name>.debug_info</name>
         <load_address>0x25d0b</load_address>
         <run_address>0x25d0b</run_address>
         <size>0x253</size>
         <input_file_ref idref="fl-34"/>
      </object_component>
      <object_component id="oc-230">
         <name>.debug_info</name>
         <load_address>0x25f5e</load_address>
         <run_address>0x25f5e</run_address>
         <size>0x24a</size>
         <input_file_ref idref="fl-34"/>
      </object_component>
      <object_component id="oc-2d7">
         <name>.debug_info</name>
         <load_address>0x261a8</load_address>
         <run_address>0x261a8</run_address>
         <size>0x29d</size>
         <input_file_ref idref="fl-35"/>
      </object_component>
      <object_component id="oc-224">
         <name>.debug_info</name>
         <load_address>0x26445</load_address>
         <run_address>0x26445</run_address>
         <size>0x2de</size>
         <input_file_ref idref="fl-35"/>
      </object_component>
      <object_component id="oc-2c5">
         <name>.debug_info</name>
         <load_address>0x26723</load_address>
         <run_address>0x26723</run_address>
         <size>0x268</size>
         <input_file_ref idref="fl-36"/>
      </object_component>
      <object_component id="oc-2c1">
         <name>.debug_info</name>
         <load_address>0x2698b</load_address>
         <run_address>0x2698b</run_address>
         <size>0x2af</size>
         <input_file_ref idref="fl-36"/>
      </object_component>
      <object_component id="oc-210">
         <name>.debug_info</name>
         <load_address>0x26c3a</load_address>
         <run_address>0x26c3a</run_address>
         <size>0x2da</size>
         <input_file_ref idref="fl-36"/>
      </object_component>
      <object_component id="oc-2b4">
         <name>.debug_info</name>
         <load_address>0x26f14</load_address>
         <run_address>0x26f14</run_address>
         <size>0x2d4</size>
         <input_file_ref idref="fl-37"/>
      </object_component>
      <object_component id="oc-298">
         <name>.debug_info</name>
         <load_address>0x271e8</load_address>
         <run_address>0x271e8</run_address>
         <size>0x232</size>
         <input_file_ref idref="fl-37"/>
      </object_component>
      <object_component id="oc-203">
         <name>.debug_info</name>
         <load_address>0x2741a</load_address>
         <run_address>0x2741a</run_address>
         <size>0x3f8</size>
         <input_file_ref idref="fl-37"/>
      </object_component>
      <object_component id="oc-352">
         <name>.debug_info</name>
         <load_address>0x27812</load_address>
         <run_address>0x27812</run_address>
         <size>0x218</size>
         <input_file_ref idref="fl-38"/>
      </object_component>
      <object_component id="oc-2d9">
         <name>.debug_info</name>
         <load_address>0x27a2a</load_address>
         <run_address>0x27a2a</run_address>
         <size>0x1b7</size>
         <input_file_ref idref="fl-38"/>
      </object_component>
      <object_component id="oc-31e">
         <name>.debug_info</name>
         <load_address>0x27be1</load_address>
         <run_address>0x27be1</run_address>
         <size>0x278</size>
         <input_file_ref idref="fl-39"/>
      </object_component>
      <object_component id="oc-29e">
         <name>.debug_info</name>
         <load_address>0x27e59</load_address>
         <run_address>0x27e59</run_address>
         <size>0x1d6</size>
         <input_file_ref idref="fl-39"/>
      </object_component>
      <object_component id="oc-2a4">
         <name>.debug_info</name>
         <load_address>0x2802f</load_address>
         <run_address>0x2802f</run_address>
         <size>0x1ce</size>
         <input_file_ref idref="fl-39"/>
      </object_component>
      <object_component id="oc-2b7">
         <name>.debug_info</name>
         <load_address>0x281fd</load_address>
         <run_address>0x281fd</run_address>
         <size>0x27c</size>
         <input_file_ref idref="fl-3a"/>
      </object_component>
      <object_component id="oc-209">
         <name>.debug_info</name>
         <load_address>0x28479</load_address>
         <run_address>0x28479</run_address>
         <size>0x328</size>
         <input_file_ref idref="fl-3a"/>
      </object_component>
      <object_component id="oc-33b">
         <name>.debug_info</name>
         <load_address>0x287a1</load_address>
         <run_address>0x287a1</run_address>
         <size>0x236</size>
         <input_file_ref idref="fl-3b"/>
      </object_component>
      <object_component id="oc-2cb">
         <name>.debug_info</name>
         <load_address>0x289d7</load_address>
         <run_address>0x289d7</run_address>
         <size>0x185</size>
         <input_file_ref idref="fl-3b"/>
      </object_component>
      <object_component id="oc-349">
         <name>.debug_info</name>
         <load_address>0x28b5c</load_address>
         <run_address>0x28b5c</run_address>
         <size>0x2b5</size>
         <input_file_ref idref="fl-3c"/>
      </object_component>
      <object_component id="oc-2d2">
         <name>.debug_info</name>
         <load_address>0x28e11</load_address>
         <run_address>0x28e11</run_address>
         <size>0x355</size>
         <input_file_ref idref="fl-3c"/>
      </object_component>
      <object_component id="oc-373">
         <name>.debug_info</name>
         <load_address>0x29166</load_address>
         <run_address>0x29166</run_address>
         <size>0x243</size>
         <input_file_ref idref="fl-3d"/>
      </object_component>
      <object_component id="oc-345">
         <name>.debug_info</name>
         <load_address>0x293a9</load_address>
         <run_address>0x293a9</run_address>
         <size>0x1a1</size>
         <input_file_ref idref="fl-3d"/>
      </object_component>
      <object_component id="oc-31a">
         <name>.debug_info</name>
         <load_address>0x2954a</load_address>
         <run_address>0x2954a</run_address>
         <size>0x212</size>
         <input_file_ref idref="fl-3e"/>
      </object_component>
      <object_component id="oc-295">
         <name>.debug_info</name>
         <load_address>0x2975c</load_address>
         <run_address>0x2975c</run_address>
         <size>0x223</size>
         <input_file_ref idref="fl-3e"/>
      </object_component>
      <object_component id="oc-361">
         <name>.debug_info</name>
         <load_address>0x2997f</load_address>
         <run_address>0x2997f</run_address>
         <size>0x20a</size>
         <input_file_ref idref="fl-3f"/>
      </object_component>
      <object_component id="oc-338">
         <name>.debug_info</name>
         <load_address>0x29b89</load_address>
         <run_address>0x29b89</run_address>
         <size>0x1d2</size>
         <input_file_ref idref="fl-3f"/>
      </object_component>
      <object_component id="oc-330">
         <name>.debug_info</name>
         <load_address>0x29d5b</load_address>
         <run_address>0x29d5b</run_address>
         <size>0x213</size>
         <input_file_ref idref="fl-40"/>
      </object_component>
      <object_component id="oc-2bb">
         <name>.debug_info</name>
         <load_address>0x29f6e</load_address>
         <run_address>0x29f6e</run_address>
         <size>0x1b0</size>
         <input_file_ref idref="fl-40"/>
      </object_component>
      <object_component id="oc-36b">
         <name>.debug_info</name>
         <load_address>0x2a11e</load_address>
         <run_address>0x2a11e</run_address>
         <size>0x281</size>
         <input_file_ref idref="fl-41"/>
      </object_component>
      <object_component id="oc-340">
         <name>.debug_info</name>
         <load_address>0x2a39f</load_address>
         <run_address>0x2a39f</run_address>
         <size>0x1b1</size>
         <input_file_ref idref="fl-41"/>
      </object_component>
      <object_component id="oc-37b">
         <name>.debug_info</name>
         <load_address>0x2a550</load_address>
         <run_address>0x2a550</run_address>
         <size>0x21e</size>
         <input_file_ref idref="fl-42"/>
      </object_component>
      <object_component id="oc-365">
         <name>.debug_info</name>
         <load_address>0x2a76e</load_address>
         <run_address>0x2a76e</run_address>
         <size>0x1ea</size>
         <input_file_ref idref="fl-42"/>
      </object_component>
      <object_component id="oc-3ae">
         <name>.debug_info</name>
         <load_address>0x2a958</load_address>
         <run_address>0x2a958</run_address>
         <size>0xf6</size>
      </object_component>
      <object_component id="oc-2fc">
         <name>.debug_line</name>
         <load_address>0x0</load_address>
         <run_address>0x0</run_address>
         <size>0x20</size>
         <input_file_ref idref="fl-2"/>
      </object_component>
      <object_component id="oc-28d">
         <name>.debug_line</name>
         <load_address>0x20</load_address>
         <run_address>0x20</run_address>
         <size>0x41</size>
         <input_file_ref idref="fl-2"/>
      </object_component>
      <object_component id="oc-21e">
         <name>.debug_line</name>
         <load_address>0x61</load_address>
         <run_address>0x61</run_address>
         <size>0x5a</size>
         <input_file_ref idref="fl-2"/>
      </object_component>
      <object_component id="oc-24c">
         <name>.debug_line</name>
         <load_address>0xbb</load_address>
         <run_address>0xbb</run_address>
         <size>0x5e</size>
         <input_file_ref idref="fl-2"/>
      </object_component>
      <object_component id="oc-251">
         <name>.debug_line</name>
         <load_address>0x119</load_address>
         <run_address>0x119</run_address>
         <size>0x65</size>
         <input_file_ref idref="fl-2"/>
      </object_component>
      <object_component id="oc-16f">
         <name>.debug_line</name>
         <load_address>0x17e</load_address>
         <run_address>0x17e</run_address>
         <size>0x6f</size>
         <input_file_ref idref="fl-2"/>
      </object_component>
      <object_component id="oc-9b">
         <name>.debug_line</name>
         <load_address>0x1ed</load_address>
         <run_address>0x1ed</run_address>
         <size>0x5e</size>
         <input_file_ref idref="fl-2"/>
      </object_component>
      <object_component id="oc-2e7">
         <name>.debug_line</name>
         <load_address>0x24b</load_address>
         <run_address>0x24b</run_address>
         <size>0x5e</size>
         <input_file_ref idref="fl-2"/>
      </object_component>
      <object_component id="oc-b1">
         <name>.debug_line</name>
         <load_address>0x2a9</load_address>
         <run_address>0x2a9</run_address>
         <size>0x20</size>
         <input_file_ref idref="fl-2"/>
      </object_component>
      <object_component id="oc-269">
         <name>.debug_line</name>
         <load_address>0x2c9</load_address>
         <run_address>0x2c9</run_address>
         <size>0x73</size>
         <input_file_ref idref="fl-2"/>
      </object_component>
      <object_component id="oc-168">
         <name>.debug_line</name>
         <load_address>0x33c</load_address>
         <run_address>0x33c</run_address>
         <size>0x70</size>
         <input_file_ref idref="fl-2"/>
      </object_component>
      <object_component id="oc-370">
         <name>.debug_line</name>
         <load_address>0x3ac</load_address>
         <run_address>0x3ac</run_address>
         <size>0x5e</size>
         <input_file_ref idref="fl-3"/>
      </object_component>
      <object_component id="oc-4b">
         <name>.debug_line</name>
         <load_address>0x40a</load_address>
         <run_address>0x40a</run_address>
         <size>0x20</size>
         <input_file_ref idref="fl-3"/>
      </object_component>
      <object_component id="oc-a1">
         <name>.debug_line</name>
         <load_address>0x42a</load_address>
         <run_address>0x42a</run_address>
         <size>0x78</size>
         <input_file_ref idref="fl-4"/>
      </object_component>
      <object_component id="oc-26e">
         <name>.debug_line</name>
         <load_address>0x4a2</load_address>
         <run_address>0x4a2</run_address>
         <size>0x20</size>
         <input_file_ref idref="fl-5"/>
      </object_component>
      <object_component id="oc-6b">
         <name>.debug_line</name>
         <load_address>0x4c2</load_address>
         <run_address>0x4c2</run_address>
         <size>0x1fb</size>
         <input_file_ref idref="fl-5"/>
      </object_component>
      <object_component id="oc-d8">
         <name>.debug_line</name>
         <load_address>0x6bd</load_address>
         <run_address>0x6bd</run_address>
         <size>0x68</size>
         <input_file_ref idref="fl-5"/>
      </object_component>
      <object_component id="oc-1e9">
         <name>.debug_line</name>
         <load_address>0x725</load_address>
         <run_address>0x725</run_address>
         <size>0x55</size>
         <input_file_ref idref="fl-6"/>
      </object_component>
      <object_component id="oc-86">
         <name>.debug_line</name>
         <load_address>0x77a</load_address>
         <run_address>0x77a</run_address>
         <size>0x289</size>
         <input_file_ref idref="fl-6"/>
      </object_component>
      <object_component id="oc-23">
         <name>.debug_line</name>
         <load_address>0xa03</load_address>
         <run_address>0xa03</run_address>
         <size>0x6e</size>
         <input_file_ref idref="fl-6"/>
      </object_component>
      <object_component id="oc-ac">
         <name>.debug_line</name>
         <load_address>0xa71</load_address>
         <run_address>0xa71</run_address>
         <size>0x59</size>
         <input_file_ref idref="fl-6"/>
      </object_component>
      <object_component id="oc-b6">
         <name>.debug_line</name>
         <load_address>0xaca</load_address>
         <run_address>0xaca</run_address>
         <size>0x5c</size>
         <input_file_ref idref="fl-6"/>
      </object_component>
      <object_component id="oc-174">
         <name>.debug_line</name>
         <load_address>0xb26</load_address>
         <run_address>0xb26</run_address>
         <size>0x59</size>
         <input_file_ref idref="fl-6"/>
      </object_component>
      <object_component id="oc-ee">
         <name>.debug_line</name>
         <load_address>0xb7f</load_address>
         <run_address>0xb7f</run_address>
         <size>0x55</size>
         <input_file_ref idref="fl-6"/>
      </object_component>
      <object_component id="oc-18d">
         <name>.debug_line</name>
         <load_address>0xbd4</load_address>
         <run_address>0xbd4</run_address>
         <size>0x59</size>
         <input_file_ref idref="fl-6"/>
      </object_component>
      <object_component id="oc-2fe">
         <name>.debug_line</name>
         <load_address>0xc2d</load_address>
         <run_address>0xc2d</run_address>
         <size>0x20</size>
         <input_file_ref idref="fl-7"/>
      </object_component>
      <object_component id="oc-17e">
         <name>.debug_line</name>
         <load_address>0xc4d</load_address>
         <run_address>0xc4d</run_address>
         <size>0x59</size>
         <input_file_ref idref="fl-7"/>
      </object_component>
      <object_component id="oc-302">
         <name>.debug_line</name>
         <load_address>0xca6</load_address>
         <run_address>0xca6</run_address>
         <size>0x55</size>
         <input_file_ref idref="fl-7"/>
      </object_component>
      <object_component id="oc-260">
         <name>.debug_line</name>
         <load_address>0xcfb</load_address>
         <run_address>0xcfb</run_address>
         <size>0x20</size>
         <input_file_ref idref="fl-8"/>
      </object_component>
      <object_component id="oc-95">
         <name>.debug_line</name>
         <load_address>0xd1b</load_address>
         <run_address>0xd1b</run_address>
         <size>0xbc</size>
         <input_file_ref idref="fl-8"/>
      </object_component>
      <object_component id="oc-1ac">
         <name>.debug_line</name>
         <load_address>0xdd7</load_address>
         <run_address>0xdd7</run_address>
         <size>0x59</size>
         <input_file_ref idref="fl-8"/>
      </object_component>
      <object_component id="oc-1b1">
         <name>.debug_line</name>
         <load_address>0xe30</load_address>
         <run_address>0xe30</run_address>
         <size>0x5c</size>
         <input_file_ref idref="fl-8"/>
      </object_component>
      <object_component id="oc-1b6">
         <name>.debug_line</name>
         <load_address>0xe8c</load_address>
         <run_address>0xe8c</run_address>
         <size>0x59</size>
         <input_file_ref idref="fl-8"/>
      </object_component>
      <object_component id="oc-264">
         <name>.debug_line</name>
         <load_address>0xee5</load_address>
         <run_address>0xee5</run_address>
         <size>0x59</size>
         <input_file_ref idref="fl-8"/>
      </object_component>
      <object_component id="oc-163">
         <name>.debug_line</name>
         <load_address>0xf3e</load_address>
         <run_address>0xf3e</run_address>
         <size>0x59</size>
         <input_file_ref idref="fl-8"/>
      </object_component>
      <object_component id="oc-19f">
         <name>.debug_line</name>
         <load_address>0xf97</load_address>
         <run_address>0xf97</run_address>
         <size>0x6b</size>
         <input_file_ref idref="fl-8"/>
      </object_component>
      <object_component id="oc-1bb">
         <name>.debug_line</name>
         <load_address>0x1002</load_address>
         <run_address>0x1002</run_address>
         <size>0x59</size>
         <input_file_ref idref="fl-8"/>
      </object_component>
      <object_component id="oc-1e6">
         <name>.debug_line</name>
         <load_address>0x105b</load_address>
         <run_address>0x105b</run_address>
         <size>0x5e</size>
         <input_file_ref idref="fl-8"/>
      </object_component>
      <object_component id="oc-1c0">
         <name>.debug_line</name>
         <load_address>0x10b9</load_address>
         <run_address>0x10b9</run_address>
         <size>0x59</size>
         <input_file_ref idref="fl-8"/>
      </object_component>
      <object_component id="oc-179">
         <name>.debug_line</name>
         <load_address>0x1112</load_address>
         <run_address>0x1112</run_address>
         <size>0x5b</size>
         <input_file_ref idref="fl-8"/>
      </object_component>
      <object_component id="oc-1d9">
         <name>.debug_line</name>
         <load_address>0x116d</load_address>
         <run_address>0x116d</run_address>
         <size>0x58</size>
         <input_file_ref idref="fl-8"/>
      </object_component>
      <object_component id="oc-1c5">
         <name>.debug_line</name>
         <load_address>0x11c5</load_address>
         <run_address>0x11c5</run_address>
         <size>0x59</size>
         <input_file_ref idref="fl-8"/>
      </object_component>
      <object_component id="oc-1cf">
         <name>.debug_line</name>
         <load_address>0x121e</load_address>
         <run_address>0x121e</run_address>
         <size>0x5b</size>
         <input_file_ref idref="fl-8"/>
      </object_component>
      <object_component id="oc-1de">
         <name>.debug_line</name>
         <load_address>0x1279</load_address>
         <run_address>0x1279</run_address>
         <size>0x59</size>
         <input_file_ref idref="fl-8"/>
      </object_component>
[...]
         <value>0x65d0</value>
         <object_component_ref idref="oc-7c"/>
      </symbol>
      <symbol id="sm-48e">
         <name>pbistIsTestCompleted</name>
         <value>0x5d78</value>
         <object_component_ref idref="oc-7c"/>
      </symbol>
      <symbol id="sm-48f">
         <name>disableParity</name>
         <value>0x808c</value>
         <object_component_ref idref="oc-7c"/>
      </symbol>
      <symbol id="sm-490">
         <name>pbistRun</name>
         <value>0x5c7c</value>
         <object_component_ref idref="oc-7c"/>
      </symbol>
      <symbol id="sm-491">
         <name>pbistFail</name>
         <value>0x7920</value>
         <object_component_ref idref="oc-7c"/>
      </symbol>
      <symbol id="sm-492">
         <name>selftestFailNotification</name>
         <value>0x57f0</value>
         <object_component_ref idref="oc-7c"/>
      </symbol>
      <symbol id="sm-493">
         <name>errata_PBIST_4</name>
         <value>0x7ca4</value>
         <object_component_ref idref="oc-7c"/>
      </symbol>
      <symbol id="sm-494">
         <name>mibspi3ParityCheck</name>
         <value>0x6e90</value>
         <object_component_ref idref="oc-7c"/>
      </symbol>
      <symbol id="sm-495">
         <name>efcSelfTest</name>
         <value>0x5f64</value>
         <object_component_ref idref="oc-7c"/>
      </symbol>
      <symbol id="sm-496">
         <name>checkB1RAMECC</name>
         <value>0x62f8</value>
         <object_component_ref idref="oc-7c"/>
      </symbol>
      <symbol id="sm-497">
         <name>pbistStop</name>
         <value>0x5d48</value>
         <object_component_ref idref="oc-7c"/>
      </symbol>
      <symbol id="sm-498">
         <name>checkRAMAddrParity</name>
         <value>0x7580</value>
         <object_component_ref idref="oc-7c"/>
      </symbol>
      <symbol id="sm-499">
         <name>checkB0RAMECC</name>
         <value>0x6108</value>
         <object_component_ref idref="oc-7c"/>
      </symbol>
      <symbol id="sm-49a">
         <name>stcGetConfigValue</name>
         <value>0x7aec</value>
         <object_component_ref idref="oc-7c"/>
      </symbol>
      <symbol id="sm-49b">
         <name>pbistIsTestPassed</name>
         <value>0x5da4</value>
         <object_component_ref idref="oc-7c"/>
      </symbol>
      <symbol id="sm-49c">
         <name>checkClockMonitor</name>
         <value>0x7220</value>
         <object_component_ref idref="oc-7c"/>
      </symbol>
      <symbol id="sm-49d">
         <name>fmcECCcheck</name>
         <value>0x6068</value>
         <object_component_ref idref="oc-7c"/>
      </symbol>
      <symbol id="sm-49e">
         <name>fmcBus2Check</name>
         <value>0x602c</value>
         <object_component_ref idref="oc-7c"/>
      </symbol>
      <symbol id="sm-49f">
         <name>checkRAMUERRTest</name>
         <value>0x7694</value>
         <object_component_ref idref="oc-7c"/>
      </symbol>
      <symbol id="sm-4a0">
         <name>efcStuckZeroTest</name>
         <value>0x5eb8</value>
         <object_component_ref idref="oc-7c"/>
      </symbol>
      <symbol id="sm-4cf">
         <name>_c_int00</name>
         <value>0xd988</value>
         <object_component_ref idref="oc-1c"/>
      </symbol>
      <symbol id="sm-4d0">
         <name>handlePLLLockFail</name>
         <value>0xea54</value>
         <object_component_ref idref="oc-70"/>
      </symbol>
      <symbol id="sm-57f">
         <name>vimChannelMap</name>
         <value>0xb5f4</value>
         <object_component_ref idref="oc-3c"/>
      </symbol>
      <symbol id="sm-580">
         <name>vimInit</name>
         <value>0xb520</value>
         <object_component_ref idref="oc-3c"/>
      </symbol>
      <symbol id="sm-581">
         <name>vimEnableInterrupt</name>
         <value>0xb698</value>
         <object_component_ref idref="oc-3c"/>
      </symbol>
      <symbol id="sm-582">
         <name>vimDisableInterrupt</name>
         <value>0xb860</value>
         <object_component_ref idref="oc-3c"/>
      </symbol>
      <symbol id="sm-583">
         <name>vimGetConfigValue</name>
         <value>0xb90c</value>
         <object_component_ref idref="oc-3c"/>
      </symbol>
      <symbol id="sm-584">
         <name>vimParityErrorHandler</name>
         <value>0xd6bc</value>
         <object_component_ref idref="oc-36"/>
      </symbol>
      <symbol id="sm-5d9">
         <name>systemGetConfigValue</name>
         <value>0xad98</value>
         <object_component_ref idref="oc-76"/>
      </symbol>
      <symbol id="sm-5da">
         <name>trimLPO</name>
         <value>0xaa9c</value>
         <object_component_ref idref="oc-76"/>
      </symbol>
      <symbol id="sm-5db">
         <name>systemInit</name>
         <value>0xac9c</value>
         <object_component_ref idref="oc-76"/>
      </symbol>
      <symbol id="sm-5dc">
         <name>customTrimLPO</name>
         <value>0xb45c</value>
         <object_component_ref idref="oc-76"/>
      </symbol>
      <symbol id="sm-5dd">
         <name>tcmflashGetConfigValue</name>
         <value>0xb174</value>
         <object_component_ref idref="oc-76"/>
      </symbol>
      <symbol id="sm-5de">
         <name>sramGetConfigValue</name>
         <value>0xb320</value>
         <object_component_ref idref="oc-76"/>
      </symbol>
      <symbol id="sm-5df">
         <name>periphInit</name>
         <value>0xab50</value>
         <object_component_ref idref="oc-76"/>
      </symbol>
      <symbol id="sm-5e0">
         <name>setupFlash</name>
         <value>0xab10</value>
         <object_component_ref idref="oc-76"/>
      </symbol>
      <symbol id="sm-5e1">
         <name>setupPLL</name>
         <value>0xaa4c</value>
         <object_component_ref idref="oc-76"/>
      </symbol>
      <symbol id="sm-5e2">
         <name>mapClocks</name>
         <value>0xaba4</value>
         <object_component_ref idref="oc-76"/>
      </symbol>
      <symbol id="sm-5e3">
         <name>systemPowerDown</name>
         <value>0xad68</value>
         <object_component_ref idref="oc-76"/>
      </symbol>
      <symbol id="sm-5f1">
         <name>Fee_BlockConfiguration</name>
         <value>0x10720</value>
         <object_component_ref idref="oc-1ff"/>
      </symbol>
      <symbol id="sm-5f2">
         <name>Fee_VirtualSectorConfiguration</name>
         <value>0x10714</value>
         <object_component_ref idref="oc-1ff"/>
      </symbol>
      <symbol id="sm-620">
         <name>TI_Fee_Format</name>
         <value>0xfec0</value>
         <object_component_ref idref="oc-133"/>
      </symbol>
      <symbol id="sm-6a3">
         <name>TI_Fee_u32ActCpyVS</name>
         <value>0x80015d8</value>
         <object_component_ref idref="oc-1f9"/>
      </symbol>
      <symbol id="sm-6a4">
         <name>TI_FlashStatusWord</name>
         <value>0x80015e4</value>
         <object_component_ref idref="oc-1f9"/>
      </symbol>
      <symbol id="sm-6a5">
         <name>TI_Fee_Init</name>
         <value>0x8288</value>
         <object_component_ref idref="oc-121"/>
      </symbol>
      <symbol id="sm-6a6">
         <name>TI_Fee_u8DeviceIndex</name>
         <value>0x80015d4</value>
         <object_component_ref idref="oc-1f9"/>
      </symbol>
      <symbol id="sm-6a7">
         <name>TI_Fee_FapiInitCalled</name>
         <value>0x80015f4</value>
         <object_component_ref idref="oc-1f9"/>
      </symbol>
      <symbol id="sm-6a8">
         <name>TI_Fee_oStatusWord</name>
         <value>0x80015e0</value>
         <object_component_ref idref="oc-1f9"/>
      </symbol>
      <symbol id="sm-6a9">
         <name>TI_Fee_GlobalVariables</name>
         <value>0x8001500</value>
         <object_component_ref idref="oc-1f9"/>
      </symbol>
      <symbol id="sm-6aa">
         <name>TI_Fee_u8DataSets</name>
         <value>0x80015c8</value>
         <object_component_ref idref="oc-1f9"/>
      </symbol>
      <symbol id="sm-6ab">
         <name>TI_Fee_u32FletcherChecksum</name>
         <value>0x80015cc</value>
         <object_component_ref idref="oc-1f9"/>
      </symbol>
      <symbol id="sm-6ac">
         <name>TI_Fee_bEraseSuspended</name>
         <value>0x80015dd</value>
         <object_component_ref idref="oc-1f9"/>
      </symbol>
      <symbol id="sm-6ad">
         <name>TI_Fee_u32BlockEraseCount</name>
         <value>0x80015d0</value>
         <object_component_ref idref="oc-1f9"/>
      </symbol>
      <symbol id="sm-6ae">
         <name>TI_Fee_u8ErrEraseVS</name>
         <value>0x80015dc</value>
         <object_component_ref idref="oc-1f9"/>
      </symbol>
      <symbol id="sm-6af">
         <name>TI_Fee_bIsMainFunctionCalled</name>
         <value>0x80015de</value>
         <object_component_ref idref="oc-1f9"/>
      </symbol>
      <symbol id="sm-720">
         <name>TI_Fee_MainFunction</name>
         <value>0x996c</value>
         <object_component_ref idref="oc-127"/>
      </symbol>
      <symbol id="sm-74e">
         <name>TI_Fee_Read</name>
         <value>0xf718</value>
         <object_component_ref idref="oc-13f"/>
      </symbol>
      <symbol id="sm-973">
         <name>TI_FeeInternal_FindNextVirtualSector</name>
         <value>0xec4</value>
         <object_component_ref idref="oc-12d"/>
      </symbol>
      <symbol id="sm-974">
         <name>TI_Fee_GetStatus</name>
         <value>0x4ec8</value>
         <object_component_ref idref="oc-12d"/>
      </symbol>
      <symbol id="sm-975">
         <name>TI_FeeInternal_SetClearCopyBlockState</name>
         <value>0x2f28</value>
         <object_component_ref idref="oc-12d"/>
      </symbol>
      <symbol id="sm-976">
         <name>TI_FeeInternal_UpdateBlockOffsetArray</name>
         <value>0x1e90</value>
         <object_component_ref idref="oc-12d"/>
      </symbol>
      <symbol id="sm-977">
         <name>TI_FeeInternal_CheckReadParameters</name>
         <value>0x2ab4</value>
         <object_component_ref idref="oc-12d"/>
      </symbol>
      <symbol id="sm-978">
         <name>TI_FeeInternal_BlankCheck</name>
         <value>0x1188</value>
         <object_component_ref idref="oc-12d"/>
      </symbol>
      <symbol id="sm-979">
         <name>TI_FeeInternal_Fletcher16</name>
         <value>0x50b4</value>
         <object_component_ref idref="oc-12d"/>
      </symbol>
      <symbol id="sm-97a">
         <name>TI_Fee_ErrorRecovery</name>
         <value>0x51e0</value>
         <object_component_ref idref="oc-12d"/>
      </symbol>
      <symbol id="sm-97b">
         <name>TI_FeeInternal_PollFlashStatus</name>
         <value>0xe08</value>
         <object_component_ref idref="oc-12d"/>
      </symbol>
      <symbol id="sm-97c">
         <name>TI_FeeInternal_StartProgramBlock</name>
         <value>0x4dc4</value>
         <object_component_ref idref="oc-12d"/>
      </symbol>
      <symbol id="sm-97d">
         <name>TI_FeeInternal_GetCurrentBlockAddress</name>
         <value>0x2be4</value>
         <object_component_ref idref="oc-12d"/>
      </symbol>
      <symbol id="sm-97e">
         <name>TI_FeeInternal_WriteBlockHeader</name>
         <value>0x44bc</value>
         <object_component_ref idref="oc-12d"/>
      </symbol>
      <symbol id="sm-97f">
         <name>TI_FeeInternal_EnableRequiredFlashSector</name>
         <value>0x56cc</value>
         <object_component_ref idref="oc-12d"/>
      </symbol>
      <symbol id="sm-980">
         <name>TI_FeeInternal_WriteDataF021</name>
         <value>0x664</value>
         <object_component_ref idref="oc-12d"/>
      </symbol>
      <symbol id="sm-981">
         <name>TI_FeeInternal_GetBlockNumber</name>
         <value>0x1c2c</value>
         <object_component_ref idref="oc-12d"/>
      </symbol>
      <symbol id="sm-982">
         <name>TI_FeeInternal_GetDataSetIndex</name>
         <value>0x1ce8</value>
         <object_component_ref idref="oc-12d"/>
      </symbol>
      <symbol id="sm-983">
         <name>TI_FeeInternal_GetVirtualSectorParameter</name>
         <value>0x20</value>
         <object_component_ref idref="oc-12d"/>
      </symbol>
      <symbol id="sm-984">
         <name>TI_FeeInternal_WriteVirtualSectorHeader</name>
         <value>0x1b8</value>
         <object_component_ref idref="oc-12d"/>
      </symbol>
      <symbol id="sm-985">
         <name>TI_FeeInternal_AlignAddressForECC</name>
         <value>0xaf4</value>
         <object_component_ref idref="oc-12d"/>
      </symbol>
      <symbol id="sm-986">
         <name>TI_FeeInternal_WritePreviousBlockHeader</name>
         <value>0x481c</value>
         <object_component_ref idref="oc-12d"/>
      </symbol>
      <symbol id="sm-987">
         <name>TI_FeeInternal_GetBlockSize</name>
         <value>0xe84</value>
         <object_component_ref idref="oc-12d"/>
      </symbol>
      <symbol id="sm-988">
         <name>TI_FeeInternal_GetNextFlashAddress</name>
         <value>0x2ce8</value>
         <object_component_ref idref="oc-12d"/>
      </symbol>
      <symbol id="sm-989">
         <name>TI_FeeInternal_GetArrayIndex</name>
         <value>0x1d24</value>
         <object_component_ref idref="oc-12d"/>
      </symbol>
      <symbol id="sm-98a">
         <name>TI_FeeInternal_WriteInitialize</name>
         <value>0xb2c</value>
         <object_component_ref idref="oc-12d"/>
      </symbol>
      <symbol id="sm-98b">
         <name>TI_FeeInternal_FeeManager</name>
         <value>0x3044</value>
         <object_component_ref idref="oc-12d"/>
      </symbol>
      <symbol id="sm-98c">
         <name>TI_FeeInternal_CheckModuleState</name>
         <value>0x2a54</value>
         <object_component_ref idref="oc-12d"/>
      </symbol>
      <symbol id="sm-98d">
         <name>TI_FeeInternal_GetBlockIndex</name>
         <value>0x1c68</value>
         <object_component_ref idref="oc-12d"/>
      </symbol>
      <symbol id="sm-98e">
         <name>TI_FeeInternal_InvalidateErase</name>
         <value>0x4b14</value>
         <object_component_ref idref="oc-12d"/>
      </symbol>
      <symbol id="sm-98f">
         <name>TI_FeeInternal_GetVirtualSectorIndex</name>
         <value>0x1a50</value>
         <object_component_ref idref="oc-12d"/>
      </symbol>
      <symbol id="sm-990">
         <name>TI_FeeInternal_CheckForError</name>
         <value>0x4f34</value>
         <object_component_ref idref="oc-12d"/>
      </symbol>
      <symbol id="sm-991">
         <name>TI_Fee_SuspendResumeErase</name>
         <value>0x54bc</value>
         <object_component_ref idref="oc-12d"/>
      </symbol>
      <symbol id="sm-992">
         <name>TI_FeeInternal_SanityCheck</name>
         <value>0x2d38</value>
         <object_component_ref idref="oc-12d"/>
      </symbol>
      <symbol id="sm-9d7">
         <name>TI_Fee_WriteAsync</name>
         <value>0xea60</value>
         <object_component_ref idref="oc-139"/>
      </symbol>
      <symbol id="sm-a00">
         <name>__TI_auto_init_nobinit_nopinit</name>
         <value>0xe831</value>
         <object_component_ref idref="oc-f1"/>
      </symbol>
      <symbol id="sm-a15">
         <name>__TI_zero_init_nomemset</name>
         <value>0xe9dd</value>
         <object_component_ref idref="oc-59"/>
      </symbol>
      <symbol id="sm-a2c">
         <name>__TI_decompress_none</name>
         <value>0xea29</value>
         <object_component_ref idref="oc-15"/>
      </symbol>
      <symbol id="sm-a4f">
         <name>__TI_decompress_lzss</name>
         <value>0xe6d1</value>
         <object_component_ref idref="oc-f"/>
      </symbol>
      <symbol id="sm-a5a">
         <name>C$$EXIT</name>
         <value>0xea4d</value>
         <object_component_ref idref="oc-152"/>
      </symbol>
      <symbol id="sm-a5b">
         <name>abort</name>
         <value>0xea4d</value>
         <object_component_ref idref="oc-152"/>
      </symbol>
      <symbol id="sm-a77">
         <name>memcpy</name>
         <value>0xe4a1</value>
         <object_component_ref idref="oc-4d"/>
      </symbol>
      <symbol id="sm-a78">
         <name>__aeabi_memcpy</name>
         <value>0xe4a1</value>
         <object_component_ref idref="oc-4d"/>
      </symbol>
      <symbol id="sm-a79">
         <name>__aeabi_memcpy8</name>
         <value>0xe4a1</value>
         <object_component_ref idref="oc-4d"/>
      </symbol>
      <symbol id="sm-a7a">
         <name>__aeabi_memcpy4</name>
         <value>0xe4a1</value>
         <object_component_ref idref="oc-4d"/>
      </symbol>
      <symbol id="sm-aa3">
         <name>Fapi_issueAsyncCommand</name>
         <value>0xe975</value>
         <object_component_ref idref="oc-229"/>
      </symbol>
      <symbol id="sm-ab4">
         <name>Fapi_issueAsyncCommandWithAddress</name>
         <value>0xe8e9</value>
         <object_component_ref idref="oc-22f"/>
      </symbol>
      <symbol id="sm-ac5">
         <name>Fapi_doBlankCheck</name>
         <value>0xe53d</value>
         <object_component_ref idref="oc-223"/>
      </symbol>
      <symbol id="sm-ae5">
         <name>_Fapi_EnableSectors</name>
         <value>0xe7ed</value>
         <object_component_ref idref="oc-2be"/>
      </symbol>
      <symbol id="sm-ae6">
         <name>Fapi_enableEepromBankSectors</name>
         <value>0xe5d1</value>
         <object_component_ref idref="oc-20e"/>
      </symbol>
      <symbol id="sm-b09">
         <name>Fapi_initializeFlashBanks</name>
         <value>0xdbed</value>
         <object_component_ref idref="oc-202"/>
      </symbol>
      <symbol id="sm-b18">
         <name>_Fapi_issueFsmCommand</name>
         <value>0xe875</value>
         <object_component_ref idref="oc-2d8"/>
      </symbol>
      <symbol id="sm-b35">
         <name>_scaleMainFclk</name>
         <value>0xea19</value>
         <object_component_ref idref="oc-29d"/>
      </symbol>
      <symbol id="sm-b36">
         <name>_scaleEEFclk</name>
         <value>0xea09</value>
         <object_component_ref idref="oc-2a3"/>
      </symbol>
      <symbol id="sm-b50">
         <name>Fapi_setActiveFlashBank</name>
         <value>0xe049</value>
         <object_component_ref idref="oc-208"/>
      </symbol>
      <symbol id="sm-b5d">
         <name>Fapi_flushPipeline</name>
         <value>0xe99f</value>
         <object_component_ref idref="oc-2ca"/>
      </symbol>
      <symbol id="sm-b6e">
         <name>_Fapi_loopRegionForValue</name>
         <value>0xe73d</value>
         <object_component_ref idref="oc-2d0"/>
      </symbol>
      <symbol id="sm-b7c">
         <name>_Fapi_checkWdService</name>
         <value>0xea37</value>
         <object_component_ref idref="oc-342"/>
      </symbol>
      <symbol id="sm-b8b">
         <name>Fapi_calculateFletcherChecksum</name>
         <value>0xe8b1</value>
         <object_component_ref idref="oc-291"/>
      </symbol>
      <symbol id="sm-b9b">
         <name>Fapi_waitDelay</name>
         <value>0xe919</value>
         <object_component_ref idref="oc-334"/>
      </symbol>
      <symbol id="sm-baa">
         <name>Fapi_getNumberOfBankSectors</name>
         <value>0xe9f9</value>
         <object_component_ref idref="oc-2b8"/>
      </symbol>
      <symbol id="sm-bb9">
         <name>_Fapi_readDword</name>
         <value>0xe949</value>
         <object_component_ref idref="oc-33c"/>
      </symbol>
      <symbol id="sm-bce">
         <name>Fapi_isAddressEcc</name>
         <value>0xe79d</value>
         <object_component_ref idref="oc-364"/>
      </symbol>
      <symbol id="sm-bcf">
         <name>__TI_static_base__</name>
         <value>0x0</value>
      </symbol>
      <symbol id="sm-bd5">
         <name>SHT$$INIT_ARRAY$$Base</name>
         <value>0x0</value>
      </symbol>
      <symbol id="sm-bd6">
         <name>SHT$$INIT_ARRAY$$Limit</name>
         <value>0x0</value>
      </symbol>
      <symbol id="sm-bd7">
         <name>_system_post_cinit</name>
         <value>0x0</value>
      </symbol>
   </symbol_table>
   <title>Link successful</title>
</link_info>
